[[para, [para1, [bold, [bla]], 
, [italic, [dsds]]]], [para, [para2
para2]]]
